 WARN cache for Repodata at /home/hankap/.cache/rattler/cache/repodata is on a network/parallel filesystem (NFS/SMB/FUSE/BeeGFS/Lustre/GPFS/CephFS), redirected to /tmp/pixi-cache-hankap/repodata for this run. Set [cache.repodata] in config.toml or PIXI_CACHE_DIR to override, or [cache.netfs-redirect] = "never" to keep the original path.
	/gpfs/projects/bgmp/hankap/bioinfo/Bi623/Project-2-Electric-organ-RNA-seq-analysis/Project2_QAA/.pixi/envs/default/bin/STAR-avx2 --runThreadN 8 --runMode alignReads --outFilterMultimapNmax 3 --outSAMunmapped Within KeepPairs --alignIntronMax 1000000 --alignMatesGapMax 1000000 --readFilesCommand zcat --readFilesIn /projects/bgmp/hankap/bioinfo/Bi623/Project-2-Electric-organ-RNA-seq-analysis/Project2_Part2/SRR25630305_cut_fpair.fq.gz /projects/bgmp/hankap/bioinfo/Bi623/Project-2-Electric-organ-RNA-seq-analysis/Project2_Part2/SRR25630305_cut_rpair.fq.gz --genomeDir /projects/bgmp/hankap/bioinfo/Bi623/Project-2-Electric-organ-RNA-seq-analysis/Project2_QAA/campyDB.STAR.2.7.11b --outFileNamePrefix SRR25630305
	STAR version: 2.7.11b   compiled: 2025-11-14T12:06:42+0000 :/opt/conda/conda-bld/star_1763121846936/work/source
Sep 02 18:08:50 ..... started STAR run
Sep 02 18:08:50 ..... loading genome
Sep 02 18:09:04 ..... started mapping
Sep 02 18:10:07 ..... finished mapping
Sep 02 18:10:08 ..... finished successfully
	Command being timed: "pixi run STAR --runThreadN 8 --runMode alignReads --outFilterMultimapNmax 3 --outSAMunmapped Within KeepPairs --alignIntronMax 1000000 --alignMatesGapMax 1000000 --readFilesCommand zcat --readFilesIn /projects/bgmp/hankap/bioinfo/Bi623/Project-2-Electric-organ-RNA-seq-analysis/Project2_Part2/SRR25630305_cut_fpair.fq.gz /projects/bgmp/hankap/bioinfo/Bi623/Project-2-Electric-organ-RNA-seq-analysis/Project2_Part2/SRR25630305_cut_rpair.fq.gz --genomeDir /projects/bgmp/hankap/bioinfo/Bi623/Project-2-Electric-organ-RNA-seq-analysis/Project2_QAA/campyDB.STAR.2.7.11b --outFileNamePrefix SRR25630305"
	User time (seconds): 466.78
	System time (seconds): 2.00
	Percent of CPU this job got: 578%
	Elapsed (wall clock) time (h:mm:ss or m:ss): 1:21.03
	Average shared text size (kbytes): 0
	Average unshared data size (kbytes): 0
	Average stack size (kbytes): 0
	Average total size (kbytes): 0
	Maximum resident set size (kbytes): 11206660
	Average resident set size (kbytes): 0
	Major (requiring I/O) page faults: 0
	Minor (reclaiming a frame) page faults: 226934
	Voluntary context switches: 46520
	Involuntary context switches: 1186
	Swaps: 0
	File system inputs: 0
	File system outputs: 480
	Socket messages sent: 0
	Socket messages received: 0
	Signals delivered: 0
	Page size (bytes): 4096
	Exit status: 0
 WARN cache for Repodata at /home/hankap/.cache/rattler/cache/repodata is on a network/parallel filesystem (NFS/SMB/FUSE/BeeGFS/Lustre/GPFS/CephFS), redirected to /tmp/pixi-cache-hankap/repodata for this run. Set [cache.repodata] in config.toml or PIXI_CACHE_DIR to override, or [cache.netfs-redirect] = "never" to keep the original path.
	/gpfs/projects/bgmp/hankap/bioinfo/Bi623/Project-2-Electric-organ-RNA-seq-analysis/Project2_QAA/.pixi/envs/default/bin/STAR-avx2 --runThreadN 8 --runMode alignReads --outFilterMultimapNmax 3 --outSAMunmapped Within KeepPairs --alignIntronMax 1000000 --alignMatesGapMax 1000000 --readFilesCommand zcat --readFilesIn /projects/bgmp/hankap/bioinfo/Bi623/Project-2-Electric-organ-RNA-seq-analysis/Project2_Part2/SRR25630397_cut_fpair.fq.gz /projects/bgmp/hankap/bioinfo/Bi623/Project-2-Electric-organ-RNA-seq-analysis/Project2_Part2/SRR25630397_cut_rpair.fq.gz --genomeDir /projects/bgmp/hankap/bioinfo/Bi623/Project-2-Electric-organ-RNA-seq-analysis/Project2_QAA/campyDB.STAR.2.7.11b --outFileNamePrefix SRR25630397
	STAR version: 2.7.11b   compiled: 2025-11-14T12:06:42+0000 :/opt/conda/conda-bld/star_1763121846936/work/source
Sep 02 18:10:09 ..... started STAR run
Sep 02 18:10:09 ..... loading genome
Sep 02 18:10:12 ..... started mapping
Sep 02 18:11:15 ..... finished mapping
Sep 02 18:11:15 ..... finished successfully
	Command being timed: "pixi run STAR --runThreadN 8 --runMode alignReads --outFilterMultimapNmax 3 --outSAMunmapped Within KeepPairs --alignIntronMax 1000000 --alignMatesGapMax 1000000 --readFilesCommand zcat --readFilesIn /projects/bgmp/hankap/bioinfo/Bi623/Project-2-Electric-organ-RNA-seq-analysis/Project2_Part2/SRR25630397_cut_fpair.fq.gz /projects/bgmp/hankap/bioinfo/Bi623/Project-2-Electric-organ-RNA-seq-analysis/Project2_Part2/SRR25630397_cut_rpair.fq.gz --genomeDir /projects/bgmp/hankap/bioinfo/Bi623/Project-2-Electric-organ-RNA-seq-analysis/Project2_QAA/campyDB.STAR.2.7.11b --outFileNamePrefix SRR25630397"
	User time (seconds): 449.29
	System time (seconds): 2.27
	Percent of CPU this job got: 670%
	Elapsed (wall clock) time (h:mm:ss or m:ss): 1:07.35
	Average shared text size (kbytes): 0
	Average unshared data size (kbytes): 0
	Average stack size (kbytes): 0
	Average total size (kbytes): 0
	Maximum resident set size (kbytes): 11234228
	Average resident set size (kbytes): 0
	Major (requiring I/O) page faults: 0
	Minor (reclaiming a frame) page faults: 225294
	Voluntary context switches: 63844
	Involuntary context switches: 1627
	Swaps: 0
	File system inputs: 0
	File system outputs: 480
	Socket messages sent: 0
	Socket messages received: 0
	Signals delivered: 0
	Page size (bytes): 4096
	Exit status: 0
