 WARN cache for Repodata at /home/hankap/.cache/rattler/cache/repodata is on a network/parallel filesystem (NFS/SMB/FUSE/BeeGFS/Lustre/GPFS/CephFS), redirected to /tmp/pixi-cache-hankap/repodata for this run. Set [cache.repodata] in config.toml or PIXI_CACHE_DIR to override, or [cache.netfs-redirect] = "never" to keep the original path.
100000 GFF lines processed.
200000 GFF lines processed.
300000 GFF lines processed.
400000 GFF lines processed.
500000 GFF lines processed.
600000 GFF lines processed.
700000 GFF lines processed.
800000 GFF lines processed.
900000 GFF lines processed.
1000000 GFF lines processed.
1100000 GFF lines processed.
1200000 GFF lines processed.
1300000 GFF lines processed.
1400000 GFF lines processed.
1500000 GFF lines processed.
1600000 GFF lines processed.
1700000 GFF lines processed.
1800000 GFF lines processed.
1900000 GFF lines processed.
2000000 GFF lines processed.
2100000 GFF lines processed.
2200000 GFF lines processed.
2300000 GFF lines processed.
2400000 GFF lines processed.
2500000 GFF lines processed.
2600000 GFF lines processed.
2700000 GFF lines processed.
2800000 GFF lines processed.
2900000 GFF lines processed.
3000000 GFF lines processed.
3100000 GFF lines processed.
3200000 GFF lines processed.
3300000 GFF lines processed.
3400000 GFF lines processed.
3500000 GFF lines processed.
3600000 GFF lines processed.
3700000 GFF lines processed.
3800000 GFF lines processed.
3900000 GFF lines processed.
4000000 GFF lines processed.
4100000 GFF lines processed.
4200000 GFF lines processed.
4300000 GFF lines processed.
4400000 GFF lines processed.
4500000 GFF lines processed.
4600000 GFF lines processed.
4700000 GFF lines processed.
4800000 GFF lines processed.
4900000 GFF lines processed.
5000000 GFF lines processed.
5100000 GFF lines processed.
5200000 GFF lines processed.
5300000 GFF lines processed.
5400000 GFF lines processed.
5500000 GFF lines processed.
5600000 GFF lines processed.
5700000 GFF lines processed.
5800000 GFF lines processed.
5900000 GFF lines processed.
6000000 GFF lines processed.
6100000 GFF lines processed.
6200000 GFF lines processed.
6300000 GFF lines processed.
6400000 GFF lines processed.
6500000 GFF lines processed.
6600000 GFF lines processed.
6700000 GFF lines processed.
6800000 GFF lines processed.
6900000 GFF lines processed.
7000000 GFF lines processed.
7100000 GFF lines processed.
7200000 GFF lines processed.
7300000 GFF lines processed.
7400000 GFF lines processed.
7500000 GFF lines processed.
7600000 GFF lines processed.
7700000 GFF lines processed.
7800000 GFF lines processed.
7900000 GFF lines processed.
8000000 GFF lines processed.
8038017 GFF lines processed.
100000 alignment record pairs processed.
200000 alignment record pairs processed.
300000 alignment record pairs processed.
400000 alignment record pairs processed.
500000 alignment record pairs processed.
600000 alignment record pairs processed.
700000 alignment record pairs processed.
800000 alignment record pairs processed.
900000 alignment record pairs processed.
1000000 alignment record pairs processed.
1100000 alignment record pairs processed.
1200000 alignment record pairs processed.
1300000 alignment record pairs processed.
1400000 alignment record pairs processed.
1500000 alignment record pairs processed.
1600000 alignment record pairs processed.
1700000 alignment record pairs processed.
1800000 alignment record pairs processed.
1900000 alignment record pairs processed.
2000000 alignment record pairs processed.
2100000 alignment record pairs processed.
2200000 alignment record pairs processed.
2300000 alignment record pairs processed.
2400000 alignment record pairs processed.
2500000 alignment record pairs processed.
2600000 alignment record pairs processed.
2700000 alignment record pairs processed.
2800000 alignment record pairs processed.
2900000 alignment record pairs processed.
3000000 alignment record pairs processed.
3100000 alignment record pairs processed.
3200000 alignment record pairs processed.
3300000 alignment record pairs processed.
3400000 alignment record pairs processed.
3500000 alignment record pairs processed.
3600000 alignment record pairs processed.
3700000 alignment record pairs processed.
3800000 alignment record pairs processed.
3900000 alignment record pairs processed.
4000000 alignment record pairs processed.
4100000 alignment record pairs processed.
4158807 alignment record pairs processed.
	Command being timed: "pixi run htseq-count --stranded=yes -i ID /projects/bgmp/hankap/bioinfo/Bi623/Project-2-Electric-organ-RNA-seq-analysis/Project2_QAA/SRR25630305Aligned.out.sam /projects/bgmp/hankap/bioinfo/Bi623/Project-2-Electric-organ-RNA-seq-analysis/Project2_Part3/campylomormyrus.gff"
	User time (seconds): 136.76
	System time (seconds): 1.00
	Percent of CPU this job got: 92%
	Elapsed (wall clock) time (h:mm:ss or m:ss): 2:28.54
	Average shared text size (kbytes): 0
	Average unshared data size (kbytes): 0
	Average stack size (kbytes): 0
	Average total size (kbytes): 0
	Maximum resident set size (kbytes): 238764
	Average resident set size (kbytes): 0
	Major (requiring I/O) page faults: 0
	Minor (reclaiming a frame) page faults: 176840
	Voluntary context switches: 6001
	Involuntary context switches: 129
	Swaps: 0
	File system inputs: 0
	File system outputs: 480
	Socket messages sent: 0
	Socket messages received: 0
	Signals delivered: 0
	Page size (bytes): 4096
	Exit status: 0
 WARN cache for Repodata at /home/hankap/.cache/rattler/cache/repodata is on a network/parallel filesystem (NFS/SMB/FUSE/BeeGFS/Lustre/GPFS/CephFS), redirected to /tmp/pixi-cache-hankap/repodata for this run. Set [cache.repodata] in config.toml or PIXI_CACHE_DIR to override, or [cache.netfs-redirect] = "never" to keep the original path.
100000 GFF lines processed.
200000 GFF lines processed.
300000 GFF lines processed.
400000 GFF lines processed.
500000 GFF lines processed.
600000 GFF lines processed.
700000 GFF lines processed.
800000 GFF lines processed.
900000 GFF lines processed.
1000000 GFF lines processed.
1100000 GFF lines processed.
1200000 GFF lines processed.
1300000 GFF lines processed.
1400000 GFF lines processed.
1500000 GFF lines processed.
1600000 GFF lines processed.
1700000 GFF lines processed.
1800000 GFF lines processed.
1900000 GFF lines processed.
2000000 GFF lines processed.
2100000 GFF lines processed.
2200000 GFF lines processed.
2300000 GFF lines processed.
2400000 GFF lines processed.
2500000 GFF lines processed.
2600000 GFF lines processed.
2700000 GFF lines processed.
2800000 GFF lines processed.
2900000 GFF lines processed.
3000000 GFF lines processed.
3100000 GFF lines processed.
3200000 GFF lines processed.
3300000 GFF lines processed.
3400000 GFF lines processed.
3500000 GFF lines processed.
3600000 GFF lines processed.
3700000 GFF lines processed.
3800000 GFF lines processed.
3900000 GFF lines processed.
4000000 GFF lines processed.
4100000 GFF lines processed.
4200000 GFF lines processed.
4300000 GFF lines processed.
4400000 GFF lines processed.
4500000 GFF lines processed.
4600000 GFF lines processed.
4700000 GFF lines processed.
4800000 GFF lines processed.
4900000 GFF lines processed.
5000000 GFF lines processed.
5100000 GFF lines processed.
5200000 GFF lines processed.
5300000 GFF lines processed.
5400000 GFF lines processed.
5500000 GFF lines processed.
5600000 GFF lines processed.
5700000 GFF lines processed.
5800000 GFF lines processed.
5900000 GFF lines processed.
6000000 GFF lines processed.
6100000 GFF lines processed.
6200000 GFF lines processed.
6300000 GFF lines processed.
6400000 GFF lines processed.
6500000 GFF lines processed.
6600000 GFF lines processed.
6700000 GFF lines processed.
6800000 GFF lines processed.
6900000 GFF lines processed.
7000000 GFF lines processed.
7100000 GFF lines processed.
7200000 GFF lines processed.
7300000 GFF lines processed.
7400000 GFF lines processed.
7500000 GFF lines processed.
7600000 GFF lines processed.
7700000 GFF lines processed.
7800000 GFF lines processed.
7900000 GFF lines processed.
8000000 GFF lines processed.
8038017 GFF lines processed.
100000 alignment record pairs processed.
200000 alignment record pairs processed.
300000 alignment record pairs processed.
400000 alignment record pairs processed.
500000 alignment record pairs processed.
600000 alignment record pairs processed.
700000 alignment record pairs processed.
800000 alignment record pairs processed.
900000 alignment record pairs processed.
1000000 alignment record pairs processed.
1100000 alignment record pairs processed.
1200000 alignment record pairs processed.
1300000 alignment record pairs processed.
1400000 alignment record pairs processed.
1500000 alignment record pairs processed.
1600000 alignment record pairs processed.
1700000 alignment record pairs processed.
1800000 alignment record pairs processed.
1900000 alignment record pairs processed.
2000000 alignment record pairs processed.
2100000 alignment record pairs processed.
2200000 alignment record pairs processed.
2300000 alignment record pairs processed.
2400000 alignment record pairs processed.
2500000 alignment record pairs processed.
2600000 alignment record pairs processed.
2700000 alignment record pairs processed.
2800000 alignment record pairs processed.
2900000 alignment record pairs processed.
3000000 alignment record pairs processed.
3100000 alignment record pairs processed.
3200000 alignment record pairs processed.
3300000 alignment record pairs processed.
3400000 alignment record pairs processed.
3500000 alignment record pairs processed.
3600000 alignment record pairs processed.
3700000 alignment record pairs processed.
3800000 alignment record pairs processed.
3900000 alignment record pairs processed.
4000000 alignment record pairs processed.
4100000 alignment record pairs processed.
4158807 alignment record pairs processed.
	Command being timed: "pixi run htseq-count --stranded=reverse -i ID /projects/bgmp/hankap/bioinfo/Bi623/Project-2-Electric-organ-RNA-seq-analysis/Project2_QAA/SRR25630305Aligned.out.sam /projects/bgmp/hankap/bioinfo/Bi623/Project-2-Electric-organ-RNA-seq-analysis/Project2_Part3/campylomormyrus.gff"
	User time (seconds): 140.60
	System time (seconds): 0.91
	Percent of CPU this job got: 99%
	Elapsed (wall clock) time (h:mm:ss or m:ss): 2:21.81
	Average shared text size (kbytes): 0
	Average unshared data size (kbytes): 0
	Average stack size (kbytes): 0
	Average total size (kbytes): 0
	Maximum resident set size (kbytes): 239132
	Average resident set size (kbytes): 0
	Major (requiring I/O) page faults: 0
	Minor (reclaiming a frame) page faults: 177836
	Voluntary context switches: 5176
	Involuntary context switches: 152
	Swaps: 0
	File system inputs: 0
	File system outputs: 480
	Socket messages sent: 0
	Socket messages received: 0
	Signals delivered: 0
	Page size (bytes): 4096
	Exit status: 0
 WARN cache for Repodata at /home/hankap/.cache/rattler/cache/repodata is on a network/parallel filesystem (NFS/SMB/FUSE/BeeGFS/Lustre/GPFS/CephFS), redirected to /tmp/pixi-cache-hankap/repodata for this run. Set [cache.repodata] in config.toml or PIXI_CACHE_DIR to override, or [cache.netfs-redirect] = "never" to keep the original path.
100000 GFF lines processed.
200000 GFF lines processed.
300000 GFF lines processed.
400000 GFF lines processed.
500000 GFF lines processed.
600000 GFF lines processed.
700000 GFF lines processed.
800000 GFF lines processed.
900000 GFF lines processed.
1000000 GFF lines processed.
1100000 GFF lines processed.
1200000 GFF lines processed.
1300000 GFF lines processed.
1400000 GFF lines processed.
1500000 GFF lines processed.
1600000 GFF lines processed.
1700000 GFF lines processed.
1800000 GFF lines processed.
1900000 GFF lines processed.
2000000 GFF lines processed.
2100000 GFF lines processed.
2200000 GFF lines processed.
2300000 GFF lines processed.
2400000 GFF lines processed.
2500000 GFF lines processed.
2600000 GFF lines processed.
2700000 GFF lines processed.
2800000 GFF lines processed.
2900000 GFF lines processed.
3000000 GFF lines processed.
3100000 GFF lines processed.
3200000 GFF lines processed.
3300000 GFF lines processed.
3400000 GFF lines processed.
3500000 GFF lines processed.
3600000 GFF lines processed.
3700000 GFF lines processed.
3800000 GFF lines processed.
3900000 GFF lines processed.
4000000 GFF lines processed.
4100000 GFF lines processed.
4200000 GFF lines processed.
4300000 GFF lines processed.
4400000 GFF lines processed.
4500000 GFF lines processed.
4600000 GFF lines processed.
4700000 GFF lines processed.
4800000 GFF lines processed.
4900000 GFF lines processed.
5000000 GFF lines processed.
5100000 GFF lines processed.
5200000 GFF lines processed.
5300000 GFF lines processed.
5400000 GFF lines processed.
5500000 GFF lines processed.
5600000 GFF lines processed.
5700000 GFF lines processed.
5800000 GFF lines processed.
5900000 GFF lines processed.
6000000 GFF lines processed.
6100000 GFF lines processed.
6200000 GFF lines processed.
6300000 GFF lines processed.
6400000 GFF lines processed.
6500000 GFF lines processed.
6600000 GFF lines processed.
6700000 GFF lines processed.
6800000 GFF lines processed.
6900000 GFF lines processed.
7000000 GFF lines processed.
7100000 GFF lines processed.
7200000 GFF lines processed.
7300000 GFF lines processed.
7400000 GFF lines processed.
7500000 GFF lines processed.
7600000 GFF lines processed.
7700000 GFF lines processed.
7800000 GFF lines processed.
7900000 GFF lines processed.
8000000 GFF lines processed.
8038017 GFF lines processed.
100000 alignment record pairs processed.
200000 alignment record pairs processed.
300000 alignment record pairs processed.
400000 alignment record pairs processed.
500000 alignment record pairs processed.
600000 alignment record pairs processed.
700000 alignment record pairs processed.
800000 alignment record pairs processed.
900000 alignment record pairs processed.
1000000 alignment record pairs processed.
1100000 alignment record pairs processed.
1200000 alignment record pairs processed.
1300000 alignment record pairs processed.
1400000 alignment record pairs processed.
1500000 alignment record pairs processed.
1600000 alignment record pairs processed.
1700000 alignment record pairs processed.
1800000 alignment record pairs processed.
1900000 alignment record pairs processed.
2000000 alignment record pairs processed.
2100000 alignment record pairs processed.
2200000 alignment record pairs processed.
2300000 alignment record pairs processed.
2400000 alignment record pairs processed.
2500000 alignment record pairs processed.
2600000 alignment record pairs processed.
2700000 alignment record pairs processed.
2800000 alignment record pairs processed.
2900000 alignment record pairs processed.
3000000 alignment record pairs processed.
3100000 alignment record pairs processed.
3200000 alignment record pairs processed.
3300000 alignment record pairs processed.
3400000 alignment record pairs processed.
3500000 alignment record pairs processed.
3600000 alignment record pairs processed.
3700000 alignment record pairs processed.
3800000 alignment record pairs processed.
3900000 alignment record pairs processed.
4000000 alignment record pairs processed.
4100000 alignment record pairs processed.
4200000 alignment record pairs processed.
4300000 alignment record pairs processed.
4400000 alignment record pairs processed.
4500000 alignment record pairs processed.
4600000 alignment record pairs processed.
4700000 alignment record pairs processed.
4800000 alignment record pairs processed.
4900000 alignment record pairs processed.
5000000 alignment record pairs processed.
5100000 alignment record pairs processed.
5200000 alignment record pairs processed.
5300000 alignment record pairs processed.
5400000 alignment record pairs processed.
5500000 alignment record pairs processed.
5566298 alignment record pairs processed.
	Command being timed: "pixi run htseq-count --stranded=yes -i ID /projects/bgmp/hankap/bioinfo/Bi623/Project-2-Electric-organ-RNA-seq-analysis/Project2_QAA/SRR25630397Aligned.out.sam /projects/bgmp/hankap/bioinfo/Bi623/Project-2-Electric-organ-RNA-seq-analysis/Project2_Part3/campylomormyrus.gff"
	User time (seconds): 174.46
	System time (seconds): 1.01
	Percent of CPU this job got: 97%
	Elapsed (wall clock) time (h:mm:ss or m:ss): 2:59.21
	Average shared text size (kbytes): 0
	Average unshared data size (kbytes): 0
	Average stack size (kbytes): 0
	Average total size (kbytes): 0
	Maximum resident set size (kbytes): 239140
	Average resident set size (kbytes): 0
	Major (requiring I/O) page faults: 0
	Minor (reclaiming a frame) page faults: 178465
	Voluntary context switches: 4651
	Involuntary context switches: 155
	Swaps: 0
	File system inputs: 0
	File system outputs: 480
	Socket messages sent: 0
	Socket messages received: 0
	Signals delivered: 0
	Page size (bytes): 4096
	Exit status: 0
 WARN cache for Repodata at /home/hankap/.cache/rattler/cache/repodata is on a network/parallel filesystem (NFS/SMB/FUSE/BeeGFS/Lustre/GPFS/CephFS), redirected to /tmp/pixi-cache-hankap/repodata for this run. Set [cache.repodata] in config.toml or PIXI_CACHE_DIR to override, or [cache.netfs-redirect] = "never" to keep the original path.
100000 GFF lines processed.
200000 GFF lines processed.
300000 GFF lines processed.
400000 GFF lines processed.
500000 GFF lines processed.
600000 GFF lines processed.
700000 GFF lines processed.
800000 GFF lines processed.
900000 GFF lines processed.
1000000 GFF lines processed.
1100000 GFF lines processed.
1200000 GFF lines processed.
1300000 GFF lines processed.
1400000 GFF lines processed.
1500000 GFF lines processed.
1600000 GFF lines processed.
1700000 GFF lines processed.
1800000 GFF lines processed.
1900000 GFF lines processed.
2000000 GFF lines processed.
2100000 GFF lines processed.
2200000 GFF lines processed.
2300000 GFF lines processed.
2400000 GFF lines processed.
2500000 GFF lines processed.
2600000 GFF lines processed.
2700000 GFF lines processed.
2800000 GFF lines processed.
2900000 GFF lines processed.
3000000 GFF lines processed.
3100000 GFF lines processed.
3200000 GFF lines processed.
3300000 GFF lines processed.
3400000 GFF lines processed.
3500000 GFF lines processed.
3600000 GFF lines processed.
3700000 GFF lines processed.
3800000 GFF lines processed.
3900000 GFF lines processed.
4000000 GFF lines processed.
4100000 GFF lines processed.
4200000 GFF lines processed.
4300000 GFF lines processed.
4400000 GFF lines processed.
4500000 GFF lines processed.
4600000 GFF lines processed.
4700000 GFF lines processed.
4800000 GFF lines processed.
4900000 GFF lines processed.
5000000 GFF lines processed.
5100000 GFF lines processed.
5200000 GFF lines processed.
5300000 GFF lines processed.
5400000 GFF lines processed.
5500000 GFF lines processed.
5600000 GFF lines processed.
5700000 GFF lines processed.
5800000 GFF lines processed.
5900000 GFF lines processed.
6000000 GFF lines processed.
6100000 GFF lines processed.
6200000 GFF lines processed.
6300000 GFF lines processed.
6400000 GFF lines processed.
6500000 GFF lines processed.
6600000 GFF lines processed.
6700000 GFF lines processed.
6800000 GFF lines processed.
6900000 GFF lines processed.
7000000 GFF lines processed.
7100000 GFF lines processed.
7200000 GFF lines processed.
7300000 GFF lines processed.
7400000 GFF lines processed.
7500000 GFF lines processed.
7600000 GFF lines processed.
7700000 GFF lines processed.
7800000 GFF lines processed.
7900000 GFF lines processed.
8000000 GFF lines processed.
8038017 GFF lines processed.
100000 alignment record pairs processed.
200000 alignment record pairs processed.
300000 alignment record pairs processed.
400000 alignment record pairs processed.
500000 alignment record pairs processed.
600000 alignment record pairs processed.
700000 alignment record pairs processed.
800000 alignment record pairs processed.
900000 alignment record pairs processed.
1000000 alignment record pairs processed.
1100000 alignment record pairs processed.
1200000 alignment record pairs processed.
1300000 alignment record pairs processed.
1400000 alignment record pairs processed.
1500000 alignment record pairs processed.
1600000 alignment record pairs processed.
1700000 alignment record pairs processed.
1800000 alignment record pairs processed.
1900000 alignment record pairs processed.
2000000 alignment record pairs processed.
2100000 alignment record pairs processed.
2200000 alignment record pairs processed.
2300000 alignment record pairs processed.
2400000 alignment record pairs processed.
2500000 alignment record pairs processed.
2600000 alignment record pairs processed.
2700000 alignment record pairs processed.
2800000 alignment record pairs processed.
2900000 alignment record pairs processed.
3000000 alignment record pairs processed.
3100000 alignment record pairs processed.
3200000 alignment record pairs processed.
3300000 alignment record pairs processed.
3400000 alignment record pairs processed.
3500000 alignment record pairs processed.
3600000 alignment record pairs processed.
3700000 alignment record pairs processed.
3800000 alignment record pairs processed.
3900000 alignment record pairs processed.
4000000 alignment record pairs processed.
4100000 alignment record pairs processed.
4200000 alignment record pairs processed.
4300000 alignment record pairs processed.
4400000 alignment record pairs processed.
4500000 alignment record pairs processed.
4600000 alignment record pairs processed.
4700000 alignment record pairs processed.
4800000 alignment record pairs processed.
4900000 alignment record pairs processed.
5000000 alignment record pairs processed.
5100000 alignment record pairs processed.
5200000 alignment record pairs processed.
5300000 alignment record pairs processed.
5400000 alignment record pairs processed.
5500000 alignment record pairs processed.
5566298 alignment record pairs processed.
	Command being timed: "pixi run htseq-count --stranded=reverse -i ID /projects/bgmp/hankap/bioinfo/Bi623/Project-2-Electric-organ-RNA-seq-analysis/Project2_QAA/SRR25630397Aligned.out.sam /projects/bgmp/hankap/bioinfo/Bi623/Project-2-Electric-organ-RNA-seq-analysis/Project2_Part3/campylomormyrus.gff"
	User time (seconds): 182.18
	System time (seconds): 1.03
	Percent of CPU this job got: 98%
	Elapsed (wall clock) time (h:mm:ss or m:ss): 3:05.47
	Average shared text size (kbytes): 0
	Average unshared data size (kbytes): 0
	Average stack size (kbytes): 0
	Average total size (kbytes): 0
	Maximum resident set size (kbytes): 238744
	Average resident set size (kbytes): 0
	Major (requiring I/O) page faults: 0
	Minor (reclaiming a frame) page faults: 176606
	Voluntary context switches: 4550
	Involuntary context switches: 155
	Swaps: 0
	File system inputs: 0
	File system outputs: 480
	Socket messages sent: 0
	Socket messages received: 0
	Signals delivered: 0
	Page size (bytes): 4096
	Exit status: 0
