 WARN cache for Repodata at /home/hankap/.cache/rattler/cache/repodata is on a network/parallel filesystem (NFS/SMB/FUSE/BeeGFS/Lustre/GPFS/CephFS), redirected to /tmp/pixi-cache-hankap/repodata for this run. Set [cache.repodata] in config.toml or PIXI_CACHE_DIR to override, or [cache.netfs-redirect] = "never" to keep the original path.
	/gpfs/projects/bgmp/hankap/bioinfo/Bi623/Project-2-Electric-organ-RNA-seq-analysis/Project2_QAA/.pixi/envs/default/bin/STAR-avx2 --runThreadN 8 --runMode genomeGenerate --genomeDir /projects/bgmp/hankap/bioinfo/Bi623/Project-2-Electric-organ-RNA-seq-analysis/Project2_Part3/campyDB.STAR.2.7.11b --genomeFastaFiles /projects/bgmp/hankap/bioinfo/Bi623/Project-2-Electric-organ-RNA-seq-analysis/Project2_Part3/campylomormyrus.fasta --sjdbGTFfile /projects/bgmp/hankap/bioinfo/Bi623/Project-2-Electric-organ-RNA-seq-analysis/Project2_Part3/campylomormyrus.gtf
	STAR version: 2.7.11b   compiled: 2025-11-14T12:06:42+0000 :/opt/conda/conda-bld/star_1763121846936/work/source
Sep 02 17:31:29 ..... started STAR run
Sep 02 17:31:29 ... starting to generate Genome files
Sep 02 17:31:37 ..... processing annotations GTF
!!!!! WARNING: --genomeSAindexNbases 14 is too large for the genome size=862592683, which may cause seg-fault at the mapping step. Re-run genome generation with recommended --genomeSAindexNbases 13
Sep 02 17:31:43 ... starting to sort Suffix Array. This may take a long time...
Sep 02 17:31:45 ... sorting Suffix Array chunks and saving them to disk...
Sep 02 17:33:41 ... loading chunks from disk, packing SA...
Sep 02 17:33:50 ... finished generating suffix array
Sep 02 17:33:50 ... generating Suffix Array index
Sep 02 17:35:52 ... completed Suffix Array index
Sep 02 17:35:52 ..... inserting junctions into the genome indices
Sep 02 17:37:08 ... writing Genome to disk ...
Sep 02 17:37:08 ... writing Suffix Array to disk ...
Sep 02 17:37:10 ... writing SAindex to disk
Sep 02 17:37:11 ..... finished successfully
	Command being timed: "pixi run STAR --runThreadN 8 --runMode genomeGenerate --genomeDir /projects/bgmp/hankap/bioinfo/Bi623/Project-2-Electric-organ-RNA-seq-analysis/Project2_Part3/campyDB.STAR.2.7.11b --genomeFastaFiles /projects/bgmp/hankap/bioinfo/Bi623/Project-2-Electric-organ-RNA-seq-analysis/Project2_Part3/campylomormyrus.fasta --sjdbGTFfile /projects/bgmp/hankap/bioinfo/Bi623/Project-2-Electric-organ-RNA-seq-analysis/Project2_Part3/campylomormyrus.gtf"
	User time (seconds): 1225.23
	System time (seconds): 7.08
	Percent of CPU this job got: 358%
	Elapsed (wall clock) time (h:mm:ss or m:ss): 5:44.03
	Average shared text size (kbytes): 0
	Average unshared data size (kbytes): 0
	Average stack size (kbytes): 0
	Average total size (kbytes): 0
	Maximum resident set size (kbytes): 23057984
	Average resident set size (kbytes): 0
	Major (requiring I/O) page faults: 0
	Minor (reclaiming a frame) page faults: 2406791
	Voluntary context switches: 9324
	Involuntary context switches: 1316
	Swaps: 0
	File system inputs: 0
	File system outputs: 480
	Socket messages sent: 0
	Socket messages received: 0
	Signals delivered: 0
	Page size (bytes): 4096
	Exit status: 0
